// Vitest Snapshot v1, https://vitest.dev/guide/snapshot.html

exports[`makeCircleNative > degrees 1`] = `
{
  "coordinates": [
    [
      [
        10,
        0,
      ],
      [
        9.980267,
        0.627905,
      ],
      [
        9.921147,
        1.253332,
      ],
      [
        9.822873,
        1.873813,
      ],
      [
        9.685832,
        2.486899,
      ],
      [
        9.510565,
        3.09017,
      ],
      [
        9.297765,
        3.681246,
      ],
      [
        9.048271,
        4.257793,
      ],
      [
        8.763067,
        4.817537,
      ],
      [
        8.443279,
        5.358268,
      ],
      [
        8.09017,
        5.877853,
      ],
      [
        7.705132,
        6.37424,
      ],
      [
        7.289686,
        6.845471,
      ],
      [
        6.845471,
        7.289686,
      ],
      [
        6.37424,
        7.705132,
      ],
      [
        5.877853,
        8.09017,
      ],
      [
        5.358268,
        8.443279,
      ],
      [
        4.817537,
        8.763067,
      ],
      [
        4.257793,
        9.048271,
      ],
      [
        3.681246,
        9.297765,
      ],
      [
        3.09017,
        9.510565,
      ],
      [
        2.486899,
        9.685832,
      ],
      [
        1.873813,
        9.822873,
      ],
      [
        1.253332,
        9.921147,
      ],
      [
        0.627905,
        9.980267,
      ],
      [
        0,
        10,
      ],
      [
        -0.627905,
        9.980267,
      ],
      [
        -1.253332,
        9.921147,
      ],
      [
        -1.873813,
        9.822873,
      ],
      [
        -2.486899,
        9.685832,
      ],
      [
        -3.09017,
        9.510565,
      ],
      [
        -3.681246,
        9.297765,
      ],
      [
        -4.257793,
        9.048271,
      ],
      [
        -4.817537,
        8.763067,
      ],
      [
        -5.358268,
        8.443279,
      ],
      [
        -5.877853,
        8.09017,
      ],
      [
        -6.37424,
        7.705132,
      ],
      [
        -6.845471,
        7.289686,
      ],
      [
        -7.289686,
        6.845471,
      ],
      [
        -7.705132,
        6.37424,
      ],
      [
        -8.09017,
        5.877853,
      ],
      [
        -8.443279,
        5.358268,
      ],
      [
        -8.763067,
        4.817537,
      ],
      [
        -9.048271,
        4.257793,
      ],
      [
        -9.297765,
        3.681246,
      ],
      [
        -9.510565,
        3.09017,
      ],
      [
        -9.685832,
        2.486899,
      ],
      [
        -9.822873,
        1.873813,
      ],
      [
        -9.921147,
        1.253332,
      ],
      [
        -9.980267,
        0.627905,
      ],
      [
        -10,
        0,
      ],
      [
        -9.980267,
        -0.627905,
      ],
      [
        -9.921147,
        -1.253332,
      ],
      [
        -9.822873,
        -1.873813,
      ],
      [
        -9.685832,
        -2.486899,
      ],
      [
        -9.510565,
        -3.09017,
      ],
      [
        -9.297765,
        -3.681246,
      ],
      [
        -9.048271,
        -4.257793,
      ],
      [
        -8.763067,
        -4.817537,
      ],
      [
        -8.443279,
        -5.358268,
      ],
      [
        -8.09017,
        -5.877853,
      ],
      [
        -7.705132,
        -6.37424,
      ],
      [
        -7.289686,
        -6.845471,
      ],
      [
        -6.845471,
        -7.289686,
      ],
      [
        -6.37424,
        -7.705132,
      ],
      [
        -5.877853,
        -8.09017,
      ],
      [
        -5.358268,
        -8.443279,
      ],
      [
        -4.817537,
        -8.763067,
      ],
      [
        -4.257793,
        -9.048271,
      ],
      [
        -3.681246,
        -9.297765,
      ],
      [
        -3.09017,
        -9.510565,
      ],
      [
        -2.486899,
        -9.685832,
      ],
      [
        -1.873813,
        -9.822873,
      ],
      [
        -1.253332,
        -9.921147,
      ],
      [
        -0.627905,
        -9.980267,
      ],
      [
        -0,
        -10,
      ],
      [
        0.627905,
        -9.980267,
      ],
      [
        1.253332,
        -9.921147,
      ],
      [
        1.873813,
        -9.822873,
      ],
      [
        2.486899,
        -9.685832,
      ],
      [
        3.09017,
        -9.510565,
      ],
      [
        3.681246,
        -9.297765,
      ],
      [
        4.257793,
        -9.048271,
      ],
      [
        4.817537,
        -8.763067,
      ],
      [
        5.358268,
        -8.443279,
      ],
      [
        5.877853,
        -8.09017,
      ],
      [
        6.37424,
        -7.705132,
      ],
      [
        6.845471,
        -7.289686,
      ],
      [
        7.289686,
        -6.845471,
      ],
      [
        7.705132,
        -6.37424,
      ],
      [
        8.09017,
        -5.877853,
      ],
      [
        8.443279,
        -5.358268,
      ],
      [
        8.763067,
        -4.817537,
      ],
      [
        9.048271,
        -4.257793,
      ],
      [
        9.297765,
        -3.681246,
      ],
      [
        9.510565,
        -3.09017,
      ],
      [
        9.685832,
        -2.486899,
      ],
      [
        9.822873,
        -1.873813,
      ],
      [
        9.921147,
        -1.253332,
      ],
      [
        10,
        0,
      ],
    ],
  ],
  "type": "Polygon",
}
`;

exports[`makeCircleNative > geodesic 1`] = `
{
  "coordinates": [
    [
      [
        -180,
        -32.957795,
      ],
      [
        -177.668724,
        -32.884522,
      ],
      [
        -175.354286,
        -32.665352,
      ],
      [
        -173.073043,
        -32.302213,
      ],
      [
        -170.84042,
        -31.79824,
      ],
      [
        -168.670538,
        -31.157663,
      ],
      [
        -166.575933,
        -30.385671,
      ],
      [
        -164.567374,
        -29.488247,
      ],
      [
        -162.653794,
        -28.472007,
      ],
      [
        -160.842308,
        -27.344025,
      ],
      [
        -159.13831,
        -26.111686,
      ],
      [
        -157.545634,
        -24.782542,
      ],
      [
        -156.066747,
        -23.364197,
      ],
      [
        -154.702957,
        -21.864206,
      ],
      [
        -153.454634,
        -20.290009,
      ],
      [
        -152.32142,
        -18.64887,
      ],
      [
        -151.302418,
        -16.947845,
      ],
      [
        -150.396368,
        -15.193765,
      ],
      [
        -149.601794,
        -13.393228,
      ],
      [
        -148.917139,
        -11.552604,
      ],
      [
        -148.340863,
        -9.678051,
      ],
      [
        -147.871533,
        -7.775537,
      ],
      [
        -147.507894,
        -5.85086,
      ],
      [
        -147.248918,
        -3.909685,
      ],
      [
        -147.093844,
        -1.957568,
      ],
      [
        -147.042205,
        -0,
      ],
      [
        -147.093844,
        1.957568,
      ],
      [
        -147.248918,
        3.909685,
      ],
      [
        -147.507894,
        5.85086,
      ],
      [
        -147.871533,
        7.775537,
      ],
      [
        -148.340863,
        9.678051,
      ],
      [
        -148.917139,
        11.552604,
      ],
      [
        -149.601794,
        13.393228,
      ],
      [
        -150.396368,
        15.193765,
      ],
      [
        -151.302418,
        16.947845,
      ],
      [
        -152.32142,
        18.64887,
      ],
      [
        -153.454634,
        20.290009,
      ],
      [
        -154.702957,
        21.864206,
      ],
      [
        -156.066747,
        23.364197,
      ],
      [
        -157.545634,
        24.782542,
      ],
      [
        -159.13831,
        26.111686,
      ],
      [
        -160.842308,
        27.344025,
      ],
      [
        -162.653794,
        28.472007,
      ],
      [
        -164.567374,
        29.488247,
      ],
      [
        -166.575933,
        30.385671,
      ],
      [
        -168.670538,
        31.157663,
      ],
      [
        -170.84042,
        31.79824,
      ],
      [
        -173.073043,
        32.302213,
      ],
      [
        -175.354286,
        32.665352,
      ],
      [
        -177.668724,
        32.884522,
      ],
      [
        -180,
        32.957795,
      ],
      [
        177.668724,
        32.884522,
      ],
      [
        175.354286,
        32.665352,
      ],
      [
        173.073043,
        32.302213,
      ],
      [
        170.84042,
        31.79824,
      ],
      [
        168.670538,
        31.157663,
      ],
      [
        166.575933,
        30.385671,
      ],
      [
        164.567374,
        29.488247,
      ],
      [
        162.653794,
        28.472007,
      ],
      [
        160.842308,
        27.344025,
      ],
      [
        159.13831,
        26.111686,
      ],
      [
        157.545634,
        24.782542,
      ],
      [
        156.066747,
        23.364197,
      ],
      [
        154.702957,
        21.864206,
      ],
      [
        153.454634,
        20.290009,
      ],
      [
        152.32142,
        18.64887,
      ],
      [
        151.302418,
        16.947845,
      ],
      [
        150.396368,
        15.193765,
      ],
      [
        149.601794,
        13.393228,
      ],
      [
        148.917139,
        11.552604,
      ],
      [
        148.340863,
        9.678051,
      ],
      [
        147.871533,
        7.775537,
      ],
      [
        147.507894,
        5.85086,
      ],
      [
        147.248918,
        3.909685,
      ],
      [
        147.093844,
        1.957568,
      ],
      [
        147.042205,
        0,
      ],
      [
        147.093844,
        -1.957568,
      ],
      [
        147.248918,
        -3.909685,
      ],
      [
        147.507894,
        -5.85086,
      ],
      [
        147.871533,
        -7.775537,
      ],
      [
        148.340863,
        -9.678051,
      ],
      [
        148.917139,
        -11.552604,
      ],
      [
        149.601794,
        -13.393228,
      ],
      [
        150.396368,
        -15.193765,
      ],
      [
        151.302418,
        -16.947845,
      ],
      [
        152.32142,
        -18.64887,
      ],
      [
        153.454634,
        -20.290009,
      ],
      [
        154.702957,
        -21.864206,
      ],
      [
        156.066747,
        -23.364197,
      ],
      [
        157.545634,
        -24.782542,
      ],
      [
        159.13831,
        -26.111686,
      ],
      [
        160.842308,
        -27.344025,
      ],
      [
        162.653794,
        -28.472007,
      ],
      [
        164.567374,
        -29.488247,
      ],
      [
        166.575933,
        -30.385671,
      ],
      [
        168.670538,
        -31.157663,
      ],
      [
        170.84042,
        -31.79824,
      ],
      [
        173.073043,
        -32.302213,
      ],
      [
        175.354286,
        -32.665352,
      ],
      [
        -180,
        -32.957795,
      ],
    ],
  ],
  "type": "Polygon",
}
`;

exports[`makeCircleNative > mercator 1`] = `
{
  "coordinates": [
    [
      [
        0.00009,
        0,
      ],
      [
        0.00009,
        0.000006,
      ],
      [
        0.000089,
        0.000011,
      ],
      [
        0.000088,
        0.000017,
      ],
      [
        0.000087,
        0.000022,
      ],
      [
        0.000085,
        0.000028,
      ],
      [
        0.000084,
        0.000033,
      ],
      [
        0.000081,
        0.000038,
      ],
      [
        0.000079,
        0.000043,
      ],
      [
        0.000076,
        0.000048,
      ],
      [
        0.000073,
        0.000053,
      ],
      [
        0.000069,
        0.000057,
      ],
      [
        0.000065,
        0.000061,
      ],
      [
        0.000061,
        0.000065,
      ],
      [
        0.000057,
        0.000069,
      ],
      [
        0.000053,
        0.000073,
      ],
      [
        0.000048,
        0.000076,
      ],
      [
        0.000043,
        0.000079,
      ],
      [
        0.000038,
        0.000081,
      ],
      [
        0.000033,
        0.000084,
      ],
      [
        0.000028,
        0.000085,
      ],
      [
        0.000022,
        0.000087,
      ],
      [
        0.000017,
        0.000088,
      ],
      [
        0.000011,
        0.000089,
      ],
      [
        0.000006,
        0.00009,
      ],
      [
        0,
        0.00009,
      ],
      [
        -0.000006,
        0.00009,
      ],
      [
        -0.000011,
        0.000089,
      ],
      [
        -0.000017,
        0.000088,
      ],
      [
        -0.000022,
        0.000087,
      ],
      [
        -0.000028,
        0.000085,
      ],
      [
        -0.000033,
        0.000084,
      ],
      [
        -0.000038,
        0.000081,
      ],
      [
        -0.000043,
        0.000079,
      ],
      [
        -0.000048,
        0.000076,
      ],
      [
        -0.000053,
        0.000073,
      ],
      [
        -0.000057,
        0.000069,
      ],
      [
        -0.000061,
        0.000065,
      ],
      [
        -0.000065,
        0.000061,
      ],
      [
        -0.000069,
        0.000057,
      ],
      [
        -0.000073,
        0.000053,
      ],
      [
        -0.000076,
        0.000048,
      ],
      [
        -0.000079,
        0.000043,
      ],
      [
        -0.000081,
        0.000038,
      ],
      [
        -0.000084,
        0.000033,
      ],
      [
        -0.000085,
        0.000028,
      ],
      [
        -0.000087,
        0.000022,
      ],
      [
        -0.000088,
        0.000017,
      ],
      [
        -0.000089,
        0.000011,
      ],
      [
        -0.00009,
        0.000006,
      ],
      [
        -0.00009,
        0,
      ],
      [
        -0.00009,
        -0.000006,
      ],
      [
        -0.000089,
        -0.000011,
      ],
      [
        -0.000088,
        -0.000017,
      ],
      [
        -0.000087,
        -0.000022,
      ],
      [
        -0.000085,
        -0.000028,
      ],
      [
        -0.000084,
        -0.000033,
      ],
      [
        -0.000081,
        -0.000038,
      ],
      [
        -0.000079,
        -0.000043,
      ],
      [
        -0.000076,
        -0.000048,
      ],
      [
        -0.000073,
        -0.000053,
      ],
      [
        -0.000069,
        -0.000057,
      ],
      [
        -0.000065,
        -0.000061,
      ],
      [
        -0.000061,
        -0.000065,
      ],
      [
        -0.000057,
        -0.000069,
      ],
      [
        -0.000053,
        -0.000073,
      ],
      [
        -0.000048,
        -0.000076,
      ],
      [
        -0.000043,
        -0.000079,
      ],
      [
        -0.000038,
        -0.000081,
      ],
      [
        -0.000033,
        -0.000084,
      ],
      [
        -0.000028,
        -0.000085,
      ],
      [
        -0.000022,
        -0.000087,
      ],
      [
        -0.000017,
        -0.000088,
      ],
      [
        -0.000011,
        -0.000089,
      ],
      [
        -0.000006,
        -0.00009,
      ],
      [
        -0,
        -0.00009,
      ],
      [
        0.000006,
        -0.00009,
      ],
      [
        0.000011,
        -0.000089,
      ],
      [
        0.000017,
        -0.000088,
      ],
      [
        0.000022,
        -0.000087,
      ],
      [
        0.000028,
        -0.000085,
      ],
      [
        0.000033,
        -0.000084,
      ],
      [
        0.000038,
        -0.000081,
      ],
      [
        0.000043,
        -0.000079,
      ],
      [
        0.000048,
        -0.000076,
      ],
      [
        0.000053,
        -0.000073,
      ],
      [
        0.000057,
        -0.000069,
      ],
      [
        0.000061,
        -0.000065,
      ],
      [
        0.000065,
        -0.000061,
      ],
      [
        0.000069,
        -0.000057,
      ],
      [
        0.000073,
        -0.000053,
      ],
      [
        0.000076,
        -0.000048,
      ],
      [
        0.000079,
        -0.000043,
      ],
      [
        0.000081,
        -0.000038,
      ],
      [
        0.000084,
        -0.000033,
      ],
      [
        0.000085,
        -0.000028,
      ],
      [
        0.000087,
        -0.000022,
      ],
      [
        0.000088,
        -0.000017,
      ],
      [
        0.000089,
        -0.000011,
      ],
      [
        0.00009,
        0,
      ],
    ],
  ],
  "type": "Polygon",
}
`;
